MariaDB [(none)]> CREATE USER 'jabirmj'@localhost IDENTIFIED BY 'root';
Query OK, 0 rows affected (0.01 sec)


MariaDB [(none)]> GRANT ALL PRIVILEGES ON *.* TO 'jabirmj'@localhost;
Query OK, 0 rows affected (0.00 sec)


MariaDB [(none)]> SHOW GRANTS FOR 'jabirmj'@localhost;
+-------------------------------------------------------------------------------------------------------------------------+
| Grants for jabirmj@localhost                                                                                            |
+-------------------------------------------------------------------------------------------------------------------------+
| GRANT ALL PRIVILEGES ON *.* TO 'jabirmj'@'localhost' IDENTIFIED BY PASSWORD '*81F5E21E35407D884A6CD4A731AEBFB6AF209E1B' |
+-------------------------------------------------------------------------------------------------------------------------+
1 row in set (0.00 sec)

MariaDB [(none)]> REVOKE INSERT ON *.* FROM 'jabirmj'@localhost;
Query OK, 0 rows affected (0.00 sec)

MariaDB [(none)]> SHOW GRANTS FOR 'jabirmj'@localhost;
+------------------------------------------------------------------------------------------------------------------------------------------------------------------------------------------------------------------------------------------------------------------------------------------------------------------------------------------------------------------------------------------------------------------------------+
| Grants for jabirmj@localhost                                                                                                                                                                                                                                                                                                                                                                                                 |
+------------------------------------------------------------------------------------------------------------------------------------------------------------------------------------------------------------------------------------------------------------------------------------------------------------------------------------------------------------------------------------------------------------------------------+
| GRANT SELECT, UPDATE, DELETE, CREATE, DROP, RELOAD, SHUTDOWN, PROCESS, FILE, REFERENCES, INDEX, ALTER, SHOW DATABASES, SUPER, CREATE TEMPORARY TABLES, LOCK TABLES, EXECUTE, REPLICATION SLAVE, REPLICATION CLIENT, CREATE VIEW, SHOW VIEW, CREATE ROUTINE, ALTER ROUTINE, CREATE USER, EVENT, TRIGGER, CREATE TABLESPACE ON *.* TO 'jabirmj'@'localhost' IDENTIFIED BY PASSWORD '*81F5E21E35407D884A6CD4A731AEBFB6AF209E1B' |
+------------------------------------------------------------------------------------------------------------------------------------------------------------------------------------------------------------------------------------------------------------------------------------------------------------------------------------------------------------------------------------------------------------------------------+
1 row in set (0.01 sec)



root@student-OptiPlex-3050:/home/student# mysql -u jabirmj -p
Enter password: 

MariaDB [(none)]> use jabir;
Reading table information for completion of table and column names
You can turn off this feature to get a quicker startup with -A

Database changed
MariaDB [jabir]> create table student(rollno int, name varchar(30));
Query OK, 0 rows affected (0.63 sec)

MariaDB [jabir]> Insert into student values(1, 'JabirMJ');
ERROR 1142 (42000): INSERT command denied to user 'jabirmj'@'localhost' for table 'student'

